2026-08-08 10:47:23,936 [INFO] [*] 한국투자증권 모의투자 데일리 리밸런싱 작업 시작
2026-08-08 10:47:29,146 [INFO] [*] 금일 계산된 유니버스 시그널 현황: ['AAPL', 'MSFT', 'NVDA', 'GOOGL', 'META', 'AMZN', 'TSLA', 'UNH', 'LLY', 'JPM', 'PG']
2026-08-08 10:47:29,146 [INFO] [*] 한국투자증권 모의투자 데일리 리밸런싱 작업 정상 완료
2026-08-08 10:52:48,526 [INFO] [*] 한국투자증권 모의투자 데일리 리밸런싱 작업 시작
2026-08-08 10:52:53,441 [INFO] --- [종목별 시그널 상세 분석 결과] ---
2026-08-08 10:52:53,442 [INFO] 종목: AAPL   | 섹터: Technology                | 매수시그널: True  | 모멘텀: 19.47%
2026-08-08 10:52:53,453 [INFO] 종목: MSFT   | 섹터: Technology                | 매수시그널: True  | 모멘텀: 24.95%
2026-08-08 10:52:53,453 [INFO] 종목: NVDA   | 섹터: Technology                | 매수시그널: True  | 모멘텀: 17.29%
2026-08-08 10:52:53,454 [INFO] 종목: GOOGL  | 섹터: Communication             | 매수시그널: True  | 모멘텀: 15.93%
2026-08-08 10:52:53,454 [INFO] 종목: META   | 섹터: Communication             | 매수시그널: True  | 모멘텀: -9.06%
2026-08-08 10:52:53,455 [INFO] 종목: AMZN   | 섹터: Consumer Discretionary    | 매수시그널: True  | 모멘텀: 36.40%
2026-08-08 10:52:53,455 [INFO] 종목: TSLA   | 섹터: Consumer Discretionary    | 매수시그널: True  | 모멘텀: -23.39%
2026-08-08 10:52:53,455 [INFO] 종목: UNH    | 섹터: Healthcare                | 매수시그널: True  | 모멘텀: 43.98%
2026-08-08 10:52:53,456 [INFO] 종목: LLY    | 섹터: Healthcare                | 매수시그널: True  | 모멘텀: 15.19%
2026-08-08 10:52:53,456 [INFO] 종목: JPM    | 섹터: Financials                | 매수시그널: True  | 모멘텀: 18.87%
2026-08-08 10:52:53,456 [INFO] 종목: PG     | 섹터: Consumer Staples          | 매수시그널: True  | 모멘텀: -7.46%
2026-08-08 10:52:53,456 [INFO] ----------------------------------------
2026-08-08 10:52:53,457 [INFO] [*] 한국투자증권 모의투자 데일리 리밸런싱 작업 정상 완료
2026-08-08 11:30:13,035 [INFO] [*] 한국투자증권 모의투자 데일리 리밸런싱 작업 시작
2026-08-08 11:30:13,813 [INFO] [API 성공] 한국투자증권 Access Token 발급 완료
2026-08-08 11:30:14,462 [ERROR] [API 오류] 잔고 조회 실패: 해당 앱키는 모의투자용 앱키가 아닙니다.
2026-08-08 11:30:14,464 [INFO] [*] 현재 계좌 보유 종목 수: 0개
2026-08-08 11:30:19,986 [INFO] --- [종목별 시그널 상세 분석 결과] ---
2026-08-08 11:30:19,986 [INFO] 종목: AAPL   | 섹터: Technology                | 매수시그널: True  | 모멘텀: 19.47%
2026-08-08 11:30:19,987 [INFO] 종목: MSFT   | 섹터: Technology                | 매수시그널: True  | 모멘텀: 24.95%
2026-08-08 11:30:19,987 [INFO] 종목: NVDA   | 섹터: Technology                | 매수시그널: True  | 모멘텀: 17.29%
2026-08-08 11:30:19,987 [INFO] 종목: GOOGL  | 섹터: Communication             | 매수시그널: True  | 모멘텀: 15.93%
2026-08-08 11:30:19,987 [INFO] 종목: META   | 섹터: Communication             | 매수시그널: True  | 모멘텀: -9.06%
2026-08-08 11:30:19,987 [INFO] 종목: AMZN   | 섹터: Consumer Discretionary    | 매수시그널: True  | 모멘텀: 36.40%
2026-08-08 11:30:19,991 [INFO] 종목: TSLA   | 섹터: Consumer Discretionary    | 매수시그널: True  | 모멘텀: -23.39%
2026-08-08 11:30:19,992 [INFO] 종목: UNH    | 섹터: Healthcare                | 매수시그널: True  | 모멘텀: 43.98%
2026-08-08 11:30:19,992 [INFO] 종목: LLY    | 섹터: Healthcare                | 매수시그널: True  | 모멘텀: 15.19%
2026-08-08 11:30:19,992 [INFO] 종목: JPM    | 섹터: Financials                | 매수시그널: True  | 모멘텀: 18.87%
2026-08-08 11:30:19,992 [INFO] 종목: PG     | 섹터: Consumer Staples          | 매수시그널: True  | 모멘텀: -7.46%
2026-08-08 11:30:19,992 [INFO] ----------------------------------------
2026-08-08 11:30:19,994 [INFO] [*] 한국투자증권 모의투자 데일리 리밸런싱 작업 정상 완료
2026-08-08 19:57:04,788 [INFO] [*] 한국투자증권 모의투자 데일리 리밸런싱 작업 시작
2026-08-08 19:57:10,973 [INFO] --- [종목별 시그널 상세 분석 결과] ---
2026-08-08 19:57:10,975 [INFO] 종목: AAPL   | 섹터: Technology                | 매수시그널: True  | 모멘텀: 19.47%
2026-08-08 19:57:10,989 [INFO] 종목: MSFT   | 섹터: Technology                | 매수시그널: True  | 모멘텀: 24.95%
2026-08-08 19:57:10,990 [INFO] 종목: NVDA   | 섹터: Technology                | 매수시그널: True  | 모멘텀: 17.29%
2026-08-08 19:57:10,991 [INFO] 종목: GOOGL  | 섹터: Communication             | 매수시그널: True  | 모멘텀: 15.93%
2026-08-08 19:57:10,991 [INFO] 종목: META   | 섹터: Communication             | 매수시그널: True  | 모멘텀: -9.06%
2026-08-08 19:57:10,992 [INFO] 종목: AMZN   | 섹터: Consumer Discretionary    | 매수시그널: True  | 모멘텀: 36.40%
2026-08-08 19:57:10,992 [INFO] 종목: TSLA   | 섹터: Consumer Discretionary    | 매수시그널: True  | 모멘텀: -23.39%
2026-08-08 19:57:10,992 [INFO] 종목: UNH    | 섹터: Healthcare                | 매수시그널: True  | 모멘텀: 43.98%
2026-08-08 19:57:11,000 [INFO] 종목: LLY    | 섹터: Healthcare                | 매수시그널: True  | 모멘텀: 15.19%
2026-08-08 19:57:11,001 [INFO] 종목: JPM    | 섹터: Financials                | 매수시그널: True  | 모멘텀: 18.87%
2026-08-08 19:57:11,001 [INFO] 종목: PG     | 섹터: Consumer Staples          | 매수시그널: True  | 모멘텀: -7.46%
2026-08-08 19:57:11,002 [INFO] ----------------------------------------
2026-08-08 19:57:11,003 [INFO] [*] 한국투자증권 모의투자 데일리 리밸런싱 작업 정상 완료
2026-08-08 19:59:38,025 [INFO] [*] 한국투자증권 모의투자 데일리 리밸런싱 작업 시작
2026-08-08 19:59:38,833 [INFO] [API 성공] 한국투자증권 Access Token 발급 완료
2026-08-08 19:59:39,462 [ERROR] [API 오류] 잔고 조회 실패: ERROR : INPUT INVALID_CHECK_ACNO
2026-08-08 19:59:39,465 [INFO] [*] 현재 계좌 보유 종목 수: 0개
2026-08-08 19:59:45,122 [INFO] --- [종목별 시그널 상세 분석 결과] ---
2026-08-08 19:59:45,123 [INFO] 종목: AAPL   | 섹터: Technology                | 매수시그널: True  | 모멘텀: 19.47%
2026-08-08 19:59:45,124 [INFO] 종목: MSFT   | 섹터: Technology                | 매수시그널: True  | 모멘텀: 24.95%
2026-08-08 19:59:45,124 [INFO] 종목: NVDA   | 섹터: Technology                | 매수시그널: True  | 모멘텀: 17.29%
2026-08-08 19:59:45,124 [INFO] 종목: GOOGL  | 섹터: Communication             | 매수시그널: True  | 모멘텀: 15.93%
2026-08-08 19:59:45,125 [INFO] 종목: META   | 섹터: Communication             | 매수시그널: True  | 모멘텀: -9.06%
2026-08-08 19:59:45,125 [INFO] 종목: AMZN   | 섹터: Consumer Discretionary    | 매수시그널: True  | 모멘텀: 36.40%
2026-08-08 19:59:45,125 [INFO] 종목: TSLA   | 섹터: Consumer Discretionary    | 매수시그널: True  | 모멘텀: -23.39%
2026-08-08 19:59:45,126 [INFO] 종목: UNH    | 섹터: Healthcare                | 매수시그널: True  | 모멘텀: 43.98%
2026-08-08 19:59:45,126 [INFO] 종목: LLY    | 섹터: Healthcare                | 매수시그널: True  | 모멘텀: 15.19%
2026-08-08 19:59:45,127 [INFO] 종목: JPM    | 섹터: Financials                | 매수시그널: True  | 모멘텀: 18.87%
2026-08-08 19:59:45,127 [INFO] 종목: PG     | 섹터: Consumer Staples          | 매수시그널: True  | 모멘텀: -7.46%
2026-08-08 19:59:45,128 [INFO] ----------------------------------------
2026-08-08 19:59:45,128 [INFO] [*] 한국투자증권 모의투자 데일리 리밸런싱 작업 정상 완료
2026-08-08 20:05:30,439 [INFO] [*] 한국투자증권 모의투자 데일리 리밸런싱 작업 시작
2026-08-08 20:05:31,256 [INFO] [API 성공] 한국투자증권 Access Token 발급 완료
2026-08-08 20:05:31,911 [ERROR] [API 오류] 잔고 조회 실패: ERROR : INPUT_FIELD_NAME CTX_AREA_FK200
2026-08-08 20:05:31,913 [INFO] [*] 현재 계좌 보유 종목 수: 0개
2026-08-08 20:05:37,337 [INFO] --- [종목별 시그널 상세 분석 결과] ---
2026-08-08 20:05:37,338 [INFO] 종목: AAPL   | 섹터: Technology                | 매수시그널: True  | 모멘텀: 19.47%
2026-08-08 20:05:37,339 [INFO] 종목: MSFT   | 섹터: Technology                | 매수시그널: True  | 모멘텀: 24.95%
2026-08-08 20:05:37,340 [INFO] 종목: NVDA   | 섹터: Technology                | 매수시그널: True  | 모멘텀: 17.29%
2026-08-08 20:05:37,340 [INFO] 종목: GOOGL  | 섹터: Communication             | 매수시그널: True  | 모멘텀: 15.93%
2026-08-08 20:05:37,340 [INFO] 종목: META   | 섹터: Communication             | 매수시그널: True  | 모멘텀: -9.06%
2026-08-08 20:05:37,340 [INFO] 종목: AMZN   | 섹터: Consumer Discretionary    | 매수시그널: True  | 모멘텀: 36.40%
2026-08-08 20:05:37,341 [INFO] 종목: TSLA   | 섹터: Consumer Discretionary    | 매수시그널: True  | 모멘텀: -23.39%
2026-08-08 20:05:37,341 [INFO] 종목: UNH    | 섹터: Healthcare                | 매수시그널: True  | 모멘텀: 43.98%
2026-08-08 20:05:37,341 [INFO] 종목: LLY    | 섹터: Healthcare                | 매수시그널: True  | 모멘텀: 15.19%
2026-08-08 20:05:37,341 [INFO] 종목: JPM    | 섹터: Financials                | 매수시그널: True  | 모멘텀: 18.87%
2026-08-08 20:05:37,341 [INFO] 종목: PG     | 섹터: Consumer Staples          | 매수시그널: True  | 모멘텀: -7.46%
2026-08-08 20:05:37,341 [INFO] ----------------------------------------
2026-08-08 20:05:37,341 [INFO] [*] 한국투자증권 모의투자 데일리 리밸런싱 작업 정상 완료
2026-08-08 20:05:40,183 [INFO] [*] 한국투자증권 모의투자 데일리 리밸런싱 작업 시작
2026-08-08 20:05:40,900 [ERROR] [API 오류] Access Token 발급 실패: 'access_token'
2026-08-08 20:05:40,902 [ERROR] [치명적 오류] Access Token 발급 실패로 작업을 중단합니다.
2026-08-08 20:10:55,218 [INFO] [*] 한국투자증권 모의투자 데일리 리밸런싱 작업 시작
2026-08-08 20:10:55,995 [INFO] [API 성공] 한국투자증권 Access Token 발급 완료
2026-08-08 20:10:56,664 [INFO] [API 성공] 계좌 잔고 조회 완료
2026-08-08 20:10:56,667 [INFO] [*] 현재 계좌 보유 종목 수: 0개
2026-08-08 20:11:01,582 [INFO] --- [종목별 시그널 상세 분석 결과] ---
2026-08-08 20:11:01,583 [INFO] 종목: AAPL   | 섹터: Technology                | 매수시그널: True  | 모멘텀: 19.47%
2026-08-08 20:11:01,584 [INFO] 종목: MSFT   | 섹터: Technology                | 매수시그널: True  | 모멘텀: 24.95%
2026-08-08 20:11:01,584 [INFO] 종목: NVDA   | 섹터: Technology                | 매수시그널: True  | 모멘텀: 17.29%
2026-08-08 20:11:01,585 [INFO] 종목: GOOGL  | 섹터: Communication             | 매수시그널: True  | 모멘텀: 15.93%
2026-08-08 20:11:01,585 [INFO] 종목: META   | 섹터: Communication             | 매수시그널: True  | 모멘텀: -9.06%
2026-08-08 20:11:01,585 [INFO] 종목: AMZN   | 섹터: Consumer Discretionary    | 매수시그널: True  | 모멘텀: 36.40%
2026-08-08 20:11:01,586 [INFO] 종목: TSLA   | 섹터: Consumer Discretionary    | 매수시그널: True  | 모멘텀: -23.39%
2026-08-08 20:11:01,586 [INFO] 종목: UNH    | 섹터: Healthcare                | 매수시그널: True  | 모멘텀: 43.98%
2026-08-08 20:11:01,586 [INFO] 종목: LLY    | 섹터: Healthcare                | 매수시그널: True  | 모멘텀: 15.19%
2026-08-08 20:11:01,587 [INFO] 종목: JPM    | 섹터: Financials                | 매수시그널: True  | 모멘텀: 18.87%
2026-08-08 20:11:01,587 [INFO] 종목: PG     | 섹터: Consumer Staples          | 매수시그널: True  | 모멘텀: -7.46%
2026-08-08 20:11:01,589 [INFO] ----------------------------------------
2026-08-08 20:11:01,590 [INFO] [*] 한국투자증권 모의투자 데일리 리밸런싱 작업 정상 완료
